9 91 199 11 6896 94319 527602 8222281
9 147 196 79 766 65018 580420 3460119
9 171 22 4 8343 36077 87048 4103074
9 200 44 19 2545 70842 89745 3435765
9 211 53 42 9846 61097 684453 4213854
9 243 39 84 4208 14273 384043 1263705
9 285 32 13 3097 3996 395731 7687792
9 345 133 66 4546 17571 408146 8155891
9 499 2 39 7022 86936 848301 746939
9 546 172 22 8088 89284 964185 39966
9 565 136 75 8630 41623 545551 2020603
9 585 122 77 7558 32215 911472 837405
9 623 197 99 6246 23617 514078 8376894
9 631 70 7 2287 35350 4649 1123333
9 674 96 73 5266 132 141779 9085955
9 823 79 28 8590 23300 806801 9298308
9 831 185 84 7327 14708 5597 5096306
9 887 194 84 8293 57428 13305 4166625
9 888 186 78 7407 52027 924097 8606329
9 896 37 44 6733 59844 347449 4470115
8 72 167 36 6461 4563 892235 4323669
8 77 112 60 6057 41809 524022 7077061
8 110 94 58 4757 42114 598073 9891358
8 154 7 11 8374 74676 497239 7923921
8 165 30 54 8934 10717 200689 8326241
8 259 6 91 9318 22573 724639 9856469
8 275 114 32 6183 44193 380432 1910962
8 351 124 69 4670 77529 139759 8776939
8 388 66 59 2509 7229 450773 4992666
8 430 125 37 8820 88328 137510 2536831
8 508 18 10 1933 54020 125384 813451
8 516 48 58 1321 9104 689086 7547836
8 552 166 47 6515 66148 324278 1957978
8 561 0 5 9989 87361 494821 5840702
8 571 160 70 7936 22902 603269 8680300
8 585 28 92 2310 41334 545418 1334792
8 636 176 34 7301 47976 569899 9218292
8 665 142 97 9823 46844 383619 6444628
8 672 170 55 3974 45487 823761 428878
8 708 193 65 9371 99964 37220 3893300
8 851 168 7 2023 46784 687310 4103789
8 868 25 35 8059 52702 124611 2869517
8 963 116 77 5488 30956 928245 7855578
7 79 179 36 9115 60534 741330 5927650
7 119 47 78 9233 17182 72665 1921751
7 129 87 29 5132 30303 378736 2741233
7 139 129 59 2438 98470 904917 7754852
7 163 174 38 6614 6389 215981 5410513
7 168 120 16 6744 9691 204061 4253805
7 226 65 46 4705 84312 973089 4319545
