9 91 199 11 6896 94319 527602 8222281
9 147 196 79 766 65018 580420 3460119
9 171 22 4 8343 36077 87048 4103074
9 200 44 19 2545 70842 89745 3435765
9 211 53 42 9846 61097 684453 4213854
9 243 39 84 4208 14273 384043 1263705
9 285 32 13 3097 3996 395731 7687792
9 345 133 66 4546 17571 408146 8155891
9 499 2 39 7022 86936 848301 746939
9 546 172 22 8088 89284 964185 39966
9 565 136 75 8630 41623 545551 2020603
9 585 122 77 7558 32215 911472 837405
9 623 197 99 6246 23617 514078 8376894
9 631 70 7 2287 35350 4649 1123333
9 674 96 73 5266 132 141779 9085955
9 823 79 28 8590 23300 806801 9298308
9 831 185 84 7327 14708 5597 5096306
9 887 194 84 8293 57428 13305 4166625
9 888 186 78 7407 52027 924097 8606329
9 896 37 44 6733 59844 347449 4470115
9 91 199 11 6896 94319 527602 8222281
9 147 196 79 766 65018 580420 3460119
9 171 22 4 8343 36077 87048 4103074
9 200 44 19 2545 70842 89745 3435765
9 211 53 42 9846 61097 684453 4213854
9 243 39 84 4208 14273 384043 1263705
9 285 32 13 3097 3996 395731 7687792
9 345 133 66 4546 17571 408146 8155891
9 499 2 39 7022 86936 848301 746939
9 546 172 22 8088 89284 964185 39966
9 565 136 75 8630 41623 545551 2020603
9 585 122 77 7558 32215 911472 837405
9 623 197 99 6246 23617 514078 8376894
9 631 70 7 2287 35350 4649 1123333
9 674 96 73 5266 132 141779 9085955
9 823 79 28 8590 23300 806801 9298308
9 831 185 84 7327 14708 5597 5096306
9 887 194 84 8293 57428 13305 4166625
9 888 186 78 7407 52027 924097 8606329
9 896 37 44 6733 59844 347449 4470115
9 91 199 11 6896 94319 527602 8222281
9 147 196 79 766 65018 580420 3460119
9 171 22 4 8343 36077 87048 4103074
9 200 44 19 2545 70842 89745 3435765
9 211 53 42 9846 61097 684453 4213854
9 243 39 84 4208 14273 384043 1263705
9 285 32 13 3097 3996 395731 7687792
9 345 133 66 4546 17571 408146 8155891
9 499 2 39 7022 86936 848301 746939
9 546 172 22 8088 89284 964185 39966
